// Jest Snapshot v1, https://goo.gl/fbAQLP

exports[`<StatusTable /> should render properly 1`] = `
<div>
  <div
    class="css-13hhypz"
  >
    <table>
      <thead>
        <tr>
          <th>
            <div>
              First
              <svg
                class="css-w5d5t5"
              />
            </div>
          </th>
          <th>
            <div>
              Second
            </div>
          </th>
        </tr>
      </thead>
      <tbody>
        <tr
          class="css-1yti5ll"
        >
          <td>
            First
          </td>
          <td>
            <div
              class="css-r1vht8"
            >
              Running
            </div>
          </td>
        </tr>
        <tr
          class="css-16d2224"
        >
          <td>
            First
          </td>
          <td>
            <div
              class="css-a0vmaa"
            >
              Enqueued
            </div>
          </td>
        </tr>
        <tr
          class="css-1s3fwj8"
        >
          <td>
            First
          </td>
          <td>
            <div
              class="css-18ebasd"
            >
              Failed
            </div>
          </td>
        </tr>
        <tr
          class="css-h4k0zu"
        >
          <td>
            First
          </td>
          <td>
            <div
              class="css-sd2cxs"
            >
              Finished
            </div>
          </td>
        </tr>
        <tr
          class="css-h4k0zu"
        >
          <td>
            First
          </td>
          <td>
            <div
              class="css-sd2cxs"
            >
              None
            </div>
          </td>
        </tr>
      </tbody>
    </table>
  </div>
</div>
`;
