// Jest Snapshot v1, https://goo.gl/fbAQLP

exports[`<RefreshToolbar /> renders button as correctly-styled icon 1`] = `
<div>
  <div
    class="css-iokxe6"
  >
    <div>
      <button
        class="css-1e5ymgh"
      >
        <span
          class="css-1uvgx5t"
        >
          <span
            class="iconChild"
          >
            <svg />
          </span>
        </span>
      </button>
    </div>
    <div
      class="css-e55m9z"
    >
      <div
        class="css-evfyw1"
      />
      <div
        class="css-1qbmw7s"
      />
    </div>
  </div>
</div>
`;

exports[`<RefreshToolbar /> renders tooltip on hover 1`] = `
<div>
  <div
    class="css-iokxe6"
  >
    <div>
      <button
        class="css-1e5ymgh"
      >
        <span
          class="css-1uvgx5t"
        >
          <span
            class="iconChild"
          >
            <svg />
          </span>
        </span>
      </button>
    </div>
    <div
      class="css-e55m9z"
    >
      <div
        class="css-evfyw1"
      />
      <div
        class="css-1qbmw7s"
      />
    </div>
  </div>
</div>
`;
