// Jest Snapshot v1, https://jestjs.io/docs/snapshot-testing

exports[`<RefreshToolbar /> renders button as correctly-styled icon 1`] = `
<div>
  <div
    class="css-5i5jay"
  >
    <div>
      <button
        class="css-g5t21x"
      >
        <span
          class="css-1uvgx5t"
        >
          <span
            class="iconChild"
          >
            <svg />
          </span>
        </span>
      </button>
    </div>
    <div
      class="css-3eohi7"
    >
      <div
        class="css-1dtzhpw"
      />
      <div
        class="css-1qbmw7s"
      />
    </div>
  </div>
</div>
`;

exports[`<RefreshToolbar /> renders tooltip on hover 1`] = `
<div>
  <div
    class="css-5i5jay"
  >
    <div>
      <button
        class="css-g5t21x"
      >
        <span
          class="css-1uvgx5t"
        >
          <span
            class="iconChild"
          >
            <svg />
          </span>
        </span>
      </button>
    </div>
    <div
      class="css-3eohi7"
    >
      <div
        class="css-1dtzhpw"
      />
      <div
        class="css-1qbmw7s"
      />
    </div>
  </div>
</div>
`;
